#000 : {|*f2|*h1Flash Gordon|*r1}                   - None -
#001 : {|*f1Agent_X|*r1}                        - None -
#010 : [Suggestion Box|*r1]                 - None -
#012 : <Count Zero></m12|*r1>               - None -
#017 : [Rifleman|*r1]                       - None -
#021 : [Elwood|*r1]                         Wed Dec 16, 1992 
#022 : [New User|*r1]                       Mon Mar 01, 1993 
#025 : [Roso|*r1]                           - None -
#026 : [|*f4|*h1This is a test of the|*r1]          - None -
#031 : (Kaotic (Vancouver|*r1)              - None -
#032 : (meloncholy prince|*r1)              Wed Dec 09, 1992 
#045 : (?|*r1)                              - None -
#056 : [CyberPunk|*r1]                      Sat Jan 30, 1993 
#069 : [asc|*r1]                            - None -
#071 : [ Lady CatNinja |*r1]                Wed Dec 09, 1992 
#072 : [ Glenn Danzig|*r1]                  Mon Feb 01, 1993 
#073 : [> K-9 <|*r1]                        - None -
#076 : [BlackJack|*r1]                      Mon Feb 01, 1993 
#077 : [Splattercat|*r1]                    Sun Jan 10, 1993 
#082 : [Fnord|*r1]                          Wed Dec 09, 1992 
#083 : [Opera!|*r1]                         - None -
#088 : [Turbo|*r1]                          Mon Feb 01, 1993 
#093 : [Goober Man|*r1]                     - None -
#096 : [Kepi|*r1]                           Sun Jan 10, 1993 
#098 : [<SMiles>:|*r1]                      - None -
#100 : [//\/\\age|*r1]                      - None -
#101 : [Bozo|*r1]                           - None -
#104 : [Punisher|*r1]                       - None -
#111 : (Missy|*r1)                          Wed Dec 09, 1992 
#113 : [Storm Hawk|*r1]                     - None -
#122 : [ Turin |*r1]                        Wed Dec 09, 1992 
#130 : [Darkwing Duck|*r1]                  Thu Jan 07, 1993 
#135 : [New User|*r1]                       - None -
#138 : [fateArbiter~m138~|*r1]              - None -
#143 : (The Sniper|*r1)                     Fri Dec 18, 1992 
#169 : (Reg Guest User|*r1)                 - None -
#193 : (The Melter|*r1)                     - None -
#213 : (Reg Guest User|*r1)                 Wed Dec 09, 1992 
#216 : (Joe|*r1)                            Tue Dec 08, 1992 
#218 : [Queenie|*r1]                        Mon Dec 21, 1992 
#225 : [ There (/m225|*r1]                  - None -
#226 : <Jodi|*r1>                           - None -
#227 : [luke(home sick|*r1]                 - None -
#241 : [NeX|*r1]                            - None -
#243 : [Polar |*f4Ice|*r1 Cap|*r1]                  - None -
#280 : (Reg Guest User|*r1)                 - None -
#300 : [Puck|*r1]                           Sun Feb 07, 1993 
#301 : (Meech|*r1)                          Wed Dec 09, 1992 
#305 : (Pat|*r1)                            Wed Dec 09, 1992 
#315 : (Farnath|*r1)                        Wed Dec 09, 1992 
#344 : (PennyWise|*r1)                      - None -
#359 : (slerpy|*r1)                         Tue Jan 05, 1993 
#384 : <Windrider *)|*r1>                   - None -
#400 : (Constantine|*r1)                    Wed Dec 09, 1992 
#404 : [Zulu|*r1]                           Sun Jan 10, 1993 
#427 : (Mr. Obloid|*r1)                     Fri Dec 18, 1992 
#445 : [Iguana|*r1]                         Mon Jan 04, 1993 
#455 : (Bullpup|*r1)                        - None -
#456 : [Ithaqua|*r1]                        - None -
#500 : [demos|*r1]                          Sun Feb 07, 1993 
#502 : [Mary Jane|*r1]                      - None -
#666 : [Sauron (13|*r1]                     - None -
#701 : [Walrushead|*r1]                     - None -
#723 : [BLong|*r1]                          - None -
#743 : [Nystul|*r1]                         - None -
#777 : (Peace|*r1)                          Wed Dec 09, 1992 
#782 : [Jello(/m782|*r1]                    Tue Jan 05, 1993 
#800 : [New User|*r1]                       - None -
#808 : [@li<E d0nUt|*r1]                    Sat Jan 30, 1993 
#888 : [Rhythm|*r1]                         Tue Dec 15, 1992 
#999 : [Gandalf the Grey|*r1]               Thu Apr 01, 1993 
